SQL> INSERT INTO EMPLOYEE VALUES ('SIVA', 'UMA', 'ARIVAN', '272727272', '27-MAY-1995', '404 E BORDER STRT ARLINGTON TX', 'M', 70000, '777889865', 2);
INSERT INTO EMPLOYEE VALUES ('SIVA', 'UMA', 'ARIVAN', '272727272', '27-MAY-1995', '404 E BORDER STRT ARLINGTON TX', 'M', 70000, '777889865', 2)
*
ERROR at line 1:
ORA-02291: integrity constraint (RXB9054.FK) violated - parent key not found 

/* 
	HERE THE REFERENCIAL INTEGRITY CONSTRAINT IS VIOLATED AND THAT IS BECAUSE SUPER_SSN IS NOT PRESENT IN THE SSN COULUMN
*/


SQL> INSERT INTO EMPLOYEE VALUES ('RIYA', 'R', 'BHANGALE', '272727272', '14-MAY-1995', '400 S OAK STRT ARLINGTON TX', 'F', 70000, '777889865', B);
INSERT INTO EMPLOYEE VALUES ('RIYA', 'R', 'BHANGALE', '272727272', '14-MAY-1995', '400 S OAK STRT ARLINGTON TX', 'F', 70000, '777889865', B)
                                                                                                                                          *
ERROR at line 1:
ORA-00984: column not allowed here 

/*
	HERE THE DOMAIN CONSTRAINT IS VIOLATED AND THAT IS BECAUSE WE ARE TRYING TO INSERT A CHARACTER INTO A COULUMN WHOSE DATATYPE IN INT
*/


SQL> INSERT INTO EMPLOYEE VALUES ('SIVA', 'UMA', 'ARIVAN', NULL, '27-MAY-1995', '404 E BORDER STRT ARLINGTON TX', 'M', 70000, '777889865', 5);
INSERT INTO EMPLOYEE VALUES ('SIVA', 'UMA', 'ARIVAN', NULL, '27-MAY-1995', '404 E BORDER STRT ARLINGTON TX', 'M', 70000, '777889865', 5)
                                                      *
ERROR at line 1:
ORA-01400: cannot insert NULL into ("RXB9054"."EMPLOYEE"."SSN") 

/*
	HERE THE ENTITY OR KEY CONSTRAINT IS VIOLATED AND THAT IS BECAUSE WE ARE TRYING TO INSERT NULL IN THE PRIMARY KEY ATTRIBUTE
*/


SQL> spool off
