SQL> CREATE TABLE EMPLOYEE(
  2  FNAME VARCHAR(15) NOT NULL,
  3  MINIT CHAR(5),
  4  LNAME VARCHAR(15) NOT NULL,
  5  SSN CHAR(9) NOT NULL,
  6  BDATE DATE,
  7  ADDRESS VARCHAR(30),
  8  SEX CHAR,
  9  SALARY DECIMAL(10,2),
 10  SUPER_SSN CHAR(9),
 11  DNO INT NOT NULL,
 12  PRIMARY KEY(SSN) );

Table created.

SQL> CREATE TABLE DEPARTMENT(
  2  DNAME VARCHAR(15) NOT NULL,
  3  DNUMBER INT NOT NULL,
  4  MGR_SSN CHAR(9) NOT NULL,
  5  MGR_START_DATE DATE,
  6  PRIMARY KEY(DNUMBER),
  7  UNIQUE(DNAME) );

Table created.

SQL> CREATE TABLE PROJECT(
  2  PNAME VARCHAR(30) NOT NULL,
  3  PNUMBER INT  NOT NULL,
  4  PLOCATION VARCHAR(30) ,
  5  DNUM INT NOT NULL,
  6  PRIMARY KEY(PNUMBER),
  7  UNIQUE(PNAME));

Table created.

SQL> CREATE TABLE WORKS_ON(
  2  ESSN CHAR(9) NOT NULL,
  3  PNO INT NOT NULL,
  4  HOURS DECIMAL(3,1) NOT NULL,
  5  PRIMARY KEY(ESSN,PNO));

Table created.

SQL> CREATE TABLE DEPT_LOCATIONS(
  2  DNUMBER INT NOT NULL,
  3  DLOCATION VARCHAR(15) NOT NULL,
  4  PRIMARY KEY(DNUMBER,DLOCATION));

Table created.

SQL> CREATE TABLE DEPENDENT(
  2  ESSN CHAR(9) NOT NULL,
  3  DEPENDENT_NAME VARCHAR(20) NOT NULL,
  4  SEX CHAR,
  5  BDATE DATE,
  6  RELATIONSHIP VARCHAR(20),
  7  PRIMARY KEY (ESSN,DEPENDENT_NAME));

Table created.

SQL> spool off
